2026-03-18T18:27:55.983+0500	INFO	create_shipment	shipment/shipment.go:75	shipment created	{"id": "id-1"}
2026-03-18T18:27:55.983+0500	WARN	create_shipment	shipment/shipment.go:53	validation failed	{"error": "reference number is required"}
github.com/FIFSAK/TMS/internal/service/shipment.(*ShipmentService).CreateShipment
	C:/Users/Acer/Documents/GitHub/TMS/internal/service/shipment/shipment.go:53
github.com/FIFSAK/TMS/internal/service/shipment.TestCreateShipment.func2
	C:/Users/Acer/Documents/GitHub/TMS/internal/service/shipment/shipment_test.go:77
testing.tRunner
	C:/Users/Acer/go/pkg/mod/golang.org/toolchain@v0.0.1-go1.25.0.windows-amd64/src/testing/testing.go:1934
2026-03-18T18:27:55.983+0500	ERROR	get_shipment	shipment/shipment.go:84	failed to get shipment	{"id": "missing", "error": "error not found"}
github.com/FIFSAK/TMS/internal/service/shipment.(*ShipmentService).GetShipment
	C:/Users/Acer/Documents/GitHub/TMS/internal/service/shipment/shipment.go:84
github.com/FIFSAK/TMS/internal/service/shipment.TestGetShipment.func2
	C:/Users/Acer/Documents/GitHub/TMS/internal/service/shipment/shipment_test.go:109
testing.tRunner
	C:/Users/Acer/go/pkg/mod/golang.org/toolchain@v0.0.1-go1.25.0.windows-amd64/src/testing/testing.go:1934
2026-03-18T18:27:55.984+0500	INFO	add_event	shipment/shipment.go:140	event added	{"shipment_id": "id-1", "status": "picked_up"}
2026-03-18T18:27:55.984+0500	WARN	add_event	shipment/shipment.go:113	invalid status transition	{"from": "pending", "to": "delivered", "error": "invalid transition from pending to delivered"}
github.com/FIFSAK/TMS/internal/service/shipment.(*ShipmentService).AddEvent
	C:/Users/Acer/Documents/GitHub/TMS/internal/service/shipment/shipment.go:113
github.com/FIFSAK/TMS/internal/service/shipment.TestAddEvent.func2
	C:/Users/Acer/Documents/GitHub/TMS/internal/service/shipment/shipment_test.go:160
testing.tRunner
	C:/Users/Acer/go/pkg/mod/golang.org/toolchain@v0.0.1-go1.25.0.windows-amd64/src/testing/testing.go:1934
2026-03-18T18:27:55.984+0500	ERROR	add_event	shipment/shipment.go:108	shipment not found	{"id": "missing", "error": "error not found"}
github.com/FIFSAK/TMS/internal/service/shipment.(*ShipmentService).AddEvent
	C:/Users/Acer/Documents/GitHub/TMS/internal/service/shipment/shipment.go:108
github.com/FIFSAK/TMS/internal/service/shipment.TestAddEvent.func3
	C:/Users/Acer/Documents/GitHub/TMS/internal/service/shipment/shipment_test.go:172
testing.tRunner
	C:/Users/Acer/go/pkg/mod/golang.org/toolchain@v0.0.1-go1.25.0.windows-amd64/src/testing/testing.go:1934
2026-03-18T18:27:55.984+0500	ERROR	get_events	shipment/shipment.go:151	shipment not found	{"id": "missing", "error": "error not found"}
github.com/FIFSAK/TMS/internal/service/shipment.(*ShipmentService).GetEvents
	C:/Users/Acer/Documents/GitHub/TMS/internal/service/shipment/shipment.go:151
github.com/FIFSAK/TMS/internal/service/shipment.TestGetEvents.func2
	C:/Users/Acer/Documents/GitHub/TMS/internal/service/shipment/shipment_test.go:201
testing.tRunner
	C:/Users/Acer/go/pkg/mod/golang.org/toolchain@v0.0.1-go1.25.0.windows-amd64/src/testing/testing.go:1934
2026-03-18T18:29:21.234+0500	INFO	create_shipment	shipment/shipment.go:75	shipment created	{"id": "id-1"}
2026-03-18T18:29:21.235+0500	WARN	create_shipment	shipment/shipment.go:53	validation failed	{"error": "reference number is required"}
github.com/FIFSAK/TMS/internal/service/shipment.(*ShipmentService).CreateShipment
	C:/Users/Acer/Documents/GitHub/TMS/internal/service/shipment/shipment.go:53
github.com/FIFSAK/TMS/internal/service/shipment.TestCreateShipment.func2
	C:/Users/Acer/Documents/GitHub/TMS/internal/service/shipment/shipment_test.go:77
testing.tRunner
	C:/Users/Acer/go/pkg/mod/golang.org/toolchain@v0.0.1-go1.25.0.windows-amd64/src/testing/testing.go:1934
2026-03-18T18:29:21.235+0500	ERROR	get_shipment	shipment/shipment.go:84	failed to get shipment	{"id": "missing", "error": "error not found"}
github.com/FIFSAK/TMS/internal/service/shipment.(*ShipmentService).GetShipment
	C:/Users/Acer/Documents/GitHub/TMS/internal/service/shipment/shipment.go:84
github.com/FIFSAK/TMS/internal/service/shipment.TestGetShipment.func2
	C:/Users/Acer/Documents/GitHub/TMS/internal/service/shipment/shipment_test.go:109
testing.tRunner
	C:/Users/Acer/go/pkg/mod/golang.org/toolchain@v0.0.1-go1.25.0.windows-amd64/src/testing/testing.go:1934
2026-03-18T18:29:21.235+0500	INFO	add_event	shipment/shipment.go:140	event added	{"shipment_id": "id-1", "status": "picked_up"}
2026-03-18T18:29:21.235+0500	WARN	add_event	shipment/shipment.go:113	invalid status transition	{"from": "pending", "to": "delivered", "error": "invalid transition from pending to delivered"}
github.com/FIFSAK/TMS/internal/service/shipment.(*ShipmentService).AddEvent
	C:/Users/Acer/Documents/GitHub/TMS/internal/service/shipment/shipment.go:113
github.com/FIFSAK/TMS/internal/service/shipment.TestAddEvent.func2
	C:/Users/Acer/Documents/GitHub/TMS/internal/service/shipment/shipment_test.go:160
testing.tRunner
	C:/Users/Acer/go/pkg/mod/golang.org/toolchain@v0.0.1-go1.25.0.windows-amd64/src/testing/testing.go:1934
2026-03-18T18:29:21.235+0500	ERROR	add_event	shipment/shipment.go:108	shipment not found	{"id": "missing", "error": "error not found"}
github.com/FIFSAK/TMS/internal/service/shipment.(*ShipmentService).AddEvent
	C:/Users/Acer/Documents/GitHub/TMS/internal/service/shipment/shipment.go:108
github.com/FIFSAK/TMS/internal/service/shipment.TestAddEvent.func3
	C:/Users/Acer/Documents/GitHub/TMS/internal/service/shipment/shipment_test.go:172
testing.tRunner
	C:/Users/Acer/go/pkg/mod/golang.org/toolchain@v0.0.1-go1.25.0.windows-amd64/src/testing/testing.go:1934
2026-03-18T18:29:21.235+0500	ERROR	get_events	shipment/shipment.go:151	shipment not found	{"id": "missing", "error": "error not found"}
github.com/FIFSAK/TMS/internal/service/shipment.(*ShipmentService).GetEvents
	C:/Users/Acer/Documents/GitHub/TMS/internal/service/shipment/shipment.go:151
github.com/FIFSAK/TMS/internal/service/shipment.TestGetEvents.func2
	C:/Users/Acer/Documents/GitHub/TMS/internal/service/shipment/shipment_test.go:201
testing.tRunner
	C:/Users/Acer/go/pkg/mod/golang.org/toolchain@v0.0.1-go1.25.0.windows-amd64/src/testing/testing.go:1934
2026-03-18T18:57:43.460+0500	INFO	create_shipment	shipment/shipment.go:75	shipment created	{"id": "id-1"}
2026-03-18T18:57:43.460+0500	WARN	create_shipment	shipment/shipment.go:53	validation failed	{"error": "reference number is required"}
github.com/FIFSAK/TMS/internal/service/shipment.(*ShipmentService).CreateShipment
	C:/Users/Acer/Documents/GitHub/TMS/internal/service/shipment/shipment.go:53
github.com/FIFSAK/TMS/internal/service/shipment.TestCreateShipment.func2
	C:/Users/Acer/Documents/GitHub/TMS/internal/service/shipment/shipment_test.go:77
testing.tRunner
	C:/Users/Acer/go/pkg/mod/golang.org/toolchain@v0.0.1-go1.25.0.windows-amd64/src/testing/testing.go:1934
2026-03-18T18:57:43.460+0500	ERROR	get_shipment	shipment/shipment.go:84	failed to get shipment	{"id": "missing", "error": "error not found"}
github.com/FIFSAK/TMS/internal/service/shipment.(*ShipmentService).GetShipment
	C:/Users/Acer/Documents/GitHub/TMS/internal/service/shipment/shipment.go:84
github.com/FIFSAK/TMS/internal/service/shipment.TestGetShipment.func2
	C:/Users/Acer/Documents/GitHub/TMS/internal/service/shipment/shipment_test.go:109
testing.tRunner
	C:/Users/Acer/go/pkg/mod/golang.org/toolchain@v0.0.1-go1.25.0.windows-amd64/src/testing/testing.go:1934
2026-03-18T18:57:43.460+0500	INFO	add_event	shipment/shipment.go:140	event added	{"shipment_id": "id-1", "status": "picked_up"}
2026-03-18T18:57:43.460+0500	WARN	add_event	shipment/shipment.go:113	invalid status transition	{"from": "pending", "to": "delivered", "error": "invalid transition from pending to delivered"}
github.com/FIFSAK/TMS/internal/service/shipment.(*ShipmentService).AddEvent
	C:/Users/Acer/Documents/GitHub/TMS/internal/service/shipment/shipment.go:113
github.com/FIFSAK/TMS/internal/service/shipment.TestAddEvent.func2
	C:/Users/Acer/Documents/GitHub/TMS/internal/service/shipment/shipment_test.go:160
testing.tRunner
	C:/Users/Acer/go/pkg/mod/golang.org/toolchain@v0.0.1-go1.25.0.windows-amd64/src/testing/testing.go:1934
2026-03-18T18:57:43.461+0500	ERROR	add_event	shipment/shipment.go:108	shipment not found	{"id": "missing", "error": "error not found"}
github.com/FIFSAK/TMS/internal/service/shipment.(*ShipmentService).AddEvent
	C:/Users/Acer/Documents/GitHub/TMS/internal/service/shipment/shipment.go:108
github.com/FIFSAK/TMS/internal/service/shipment.TestAddEvent.func3
	C:/Users/Acer/Documents/GitHub/TMS/internal/service/shipment/shipment_test.go:172
testing.tRunner
	C:/Users/Acer/go/pkg/mod/golang.org/toolchain@v0.0.1-go1.25.0.windows-amd64/src/testing/testing.go:1934
2026-03-18T18:57:43.461+0500	ERROR	get_events	shipment/shipment.go:151	shipment not found	{"id": "missing", "error": "error not found"}
github.com/FIFSAK/TMS/internal/service/shipment.(*ShipmentService).GetEvents
	C:/Users/Acer/Documents/GitHub/TMS/internal/service/shipment/shipment.go:151
github.com/FIFSAK/TMS/internal/service/shipment.TestGetEvents.func2
	C:/Users/Acer/Documents/GitHub/TMS/internal/service/shipment/shipment_test.go:201
testing.tRunner
	C:/Users/Acer/go/pkg/mod/golang.org/toolchain@v0.0.1-go1.25.0.windows-amd64/src/testing/testing.go:1934
